id	name	price	update date
0001	ƒyƒ“	1000	2014-08-22 15:23:51
0002	ƒŠƒ“ƒS	100	2014-08-22 15:23:51
0003	‚Ý‚©‚ñ	200	2014-08-22 15:23:51
